  Check failed with difference files
OK  - ./build/test/test-getmctag.pdftex.fc
OK  - ./build/test/test-mc-ifinartifact.pdftex.fc
OK  - ./build/test/test-mc-low-luaonly.pdftex.fc
OK  - ./build/test/test-mc-manual-para-split.luatex.fc
OK  - ./build/test/test-mc-manual-para-split.pdftex.fc
OK  - ./build/test/test-mc-tag-expansion.pdftex.fc
OK  - ./build/test/test-showattributes.pdftex.fc
OK  - ./build/test/test-struct-user.luatex.fc
OK  - ./build/test/test-struct-user.pdftex.fc
OK - ./build/test/testauxtree.luatex.fc
OK - ./build/test/testauxtree.pdftex.fc

Failed tests for configuration config-pdftex:

  Check failed with difference files
OK  - ./build/test-config-pdftex/test-patch-koma.pdftex.fc

Failed tests for configuration config-nosyntax:

  Check failed with difference files
OK  - ./build/test-config-nosyntax/test-mc-low-bdc-emc.luatex.fc
OK  - ./build/test-config-nosyntax/test-mc-low-bdc-emc.pdftex.fc
OK  - ./build/test-config-nosyntax/test-mcid-cnt.luatex.fc
OK  - ./build/test-config-nosyntax/test-mcid-cnt.pdftex.fc
